// Validating benchmarks:
// ***** BenchmarkRunner: Start   *****
// ***** Found 2 benchmark(s) in total *****
// ***** Building 1 exe(s) in Parallel: Start   *****
Unable to find .sln or .csproj file. Will use current directory C:\D\github\CSharpWeekly to search for project file. If you don't use .sln file on purpose it should not be a problem.
// start dotnet  restore /p:UseSharedCompilation=false /p:BuildInParallel=false /m:1 /p:Deterministic=true /p:Optimize=true in C:\D\github\CSharpWeekly\CompiledQueries.Benchmarks\bin\Release\net10.0\62d90f38-597e-4d83-90c4-f730188968ac
// command took 0.71 sec and exited with 0
// start dotnet  build -c Release --no-restore /p:UseSharedCompilation=false /p:BuildInParallel=false /m:1 /p:Deterministic=true /p:Optimize=true in C:\D\github\CSharpWeekly\CompiledQueries.Benchmarks\bin\Release\net10.0\62d90f38-597e-4d83-90c4-f730188968ac
// command took 2.36 sec and exited with 0
// ***** Done, took 00:00:03 (3.11 sec)   *****
// Found 2 benchmarks:
//   LogQueryBenchmarks.WithoutCompiledQuery: DefaultJob
//   LogQueryBenchmarks.WithCompiledQuery: DefaultJob

Setup power plan (GUID: 8c5e7fda-e8bf-4a96-9a85-a6e23a8c635c FriendlyName: أداء عالٍ)
// **************************
// Benchmark: LogQueryBenchmarks.WithoutCompiledQuery: DefaultJob
// *** Execute ***
// Launch: 1 / 1
// Execute: dotnet 62d90f38-597e-4d83-90c4-f730188968ac.dll --anonymousPipes 1660 1516 --benchmarkName LogQueryBenchmarks.WithoutCompiledQuery --job Default --benchmarkId 0 in C:\D\github\CSharpWeekly\CompiledQueries.Benchmarks\bin\Release\net10.0\62d90f38-597e-4d83-90c4-f730188968ac\bin\Release\net10.0
// BeforeAnythingElse

// Benchmark Process Environment Information:
// BenchmarkDotNet v0.13.12
// Runtime=.NET 10.0.3 (10.0.326.7603), X64 RyuJIT AVX2
// GC=Concurrent Workstation
// HardwareIntrinsics=AVX2,AES,BMI1,BMI2,FMA,LZCNT,PCLMUL,POPCNT,AvxVnni,SERIALIZE VectorSize=256
// Job: DefaultJob

OverheadJitting  1: 1 op, 157500.00 ns, 157.5000 us/op
WorkloadJitting  1: 1 op, 422285700.00 ns, 422.2857 ms/op

OverheadJitting  2: 1 op, 400.00 ns, 400.0000 ns/op
WorkloadJitting  2: 1 op, 5696000.00 ns, 5.6960 ms/op

OverheadJitting  3: 16 op, 198900.00 ns, 12.4313 us/op
WorkloadJitting  3: 16 op, 20813800.00 ns, 1.3009 ms/op

WorkloadPilot    1: 16 op, 17029400.00 ns, 1.0643 ms/op
WorkloadPilot    2: 32 op, 22823900.00 ns, 713.2469 us/op
WorkloadPilot    3: 64 op, 29382300.00 ns, 459.0984 us/op
WorkloadPilot    4: 128 op, 56631200.00 ns, 442.4312 us/op
WorkloadPilot    5: 256 op, 119589600.00 ns, 467.1469 us/op
WorkloadPilot    6: 512 op, 226800000.00 ns, 442.9688 us/op
WorkloadPilot    7: 1024 op, 443407000.00 ns, 433.0146 us/op
WorkloadPilot    8: 2048 op, 932052200.00 ns, 455.1036 us/op

OverheadWarmup   1: 2048 op, 5100.00 ns, 2.4902 ns/op
OverheadWarmup   2: 2048 op, 4300.00 ns, 2.0996 ns/op
OverheadWarmup   3: 2048 op, 4200.00 ns, 2.0508 ns/op
OverheadWarmup   4: 2048 op, 4300.00 ns, 2.0996 ns/op
OverheadWarmup   5: 2048 op, 4300.00 ns, 2.0996 ns/op
OverheadWarmup   6: 2048 op, 4300.00 ns, 2.0996 ns/op
OverheadWarmup   7: 2048 op, 4300.00 ns, 2.0996 ns/op

OverheadActual   1: 2048 op, 4400.00 ns, 2.1484 ns/op
OverheadActual   2: 2048 op, 4200.00 ns, 2.0508 ns/op
OverheadActual   3: 2048 op, 4200.00 ns, 2.0508 ns/op
OverheadActual   4: 2048 op, 4300.00 ns, 2.0996 ns/op
OverheadActual   5: 2048 op, 4200.00 ns, 2.0508 ns/op
OverheadActual   6: 2048 op, 4300.00 ns, 2.0996 ns/op
OverheadActual   7: 2048 op, 4300.00 ns, 2.0996 ns/op
OverheadActual   8: 2048 op, 4300.00 ns, 2.0996 ns/op
OverheadActual   9: 2048 op, 4400.00 ns, 2.1484 ns/op
OverheadActual  10: 2048 op, 4300.00 ns, 2.0996 ns/op
OverheadActual  11: 2048 op, 4300.00 ns, 2.0996 ns/op
OverheadActual  12: 2048 op, 4300.00 ns, 2.0996 ns/op
OverheadActual  13: 2048 op, 4200.00 ns, 2.0508 ns/op
OverheadActual  14: 2048 op, 4800.00 ns, 2.3438 ns/op
OverheadActual  15: 2048 op, 4300.00 ns, 2.0996 ns/op

WorkloadWarmup   1: 2048 op, 905031700.00 ns, 441.9100 us/op
WorkloadWarmup   2: 2048